// Jest Snapshot v1, https://goo.gl/fbAQLP

exports[`<bolt-video> Component <bolt-video> compiles 1`] = `

<bolt-ratio aspect-ratio-height="9"
            aspect-ratio-width="16"
            style="--aspect-ratio-height: 9; --aspect-ratio-width: 16;"
>
  <bolt-video class="js-bolt-video-uuid--12345"
              data-setup="{&quot;techOrder&quot;: [&quot;Html5&quot;], &quot;resizeManager&quot;: false}"
              video-id="3861325118001"
              account-id="1900410236"
              show-meta
              player-id="r1CAdLzTW"
              controls
              share-description="Share This Video"
  >
  </bolt-video>
</bolt-ratio>

`;

exports[`<bolt-video> Component <bolt-video> compiles with a different \`video-id\` 1`] = `

<bolt-ratio aspect-ratio-height="9"
            aspect-ratio-width="16"
            style="--aspect-ratio-height: 9; --aspect-ratio-width: 16;"
>
  <bolt-video class="js-bolt-video-uuid--12345"
              data-setup="{&quot;techOrder&quot;: [&quot;Html5&quot;], &quot;resizeManager&quot;: false}"
              video-id="5609376179001"
              account-id="1900410236"
              show-meta
              player-id="r1CAdLzTW"
              controls
              share-description="Share This Video"
  >
  </bolt-video>
</bolt-ratio>

`;

exports[`<bolt-video> Component <bolt-video> compiles with a meta description + meta title 1`] = `

<bolt-ratio aspect-ratio-height="9"
            aspect-ratio-width="16"
            style="--aspect-ratio-height: 9; --aspect-ratio-width: 16;"
>
  <bolt-video class="js-bolt-video-uuid--12345"
              data-setup="{&quot;techOrder&quot;: [&quot;Html5&quot;], &quot;resizeManager&quot;: false}"
              video-id="3861325118001"
              account-id="1900410236"
              show-meta
              show-meta-title
              player-id="r1CAdLzTW"
              controls
              share-description="Share This Video"
  >
  </bolt-video>
</bolt-ratio>

`;

exports[`<bolt-video> Component <bolt-video> compiles with a meta description 1`] = `

<bolt-ratio aspect-ratio-height="9"
            aspect-ratio-width="16"
            style="--aspect-ratio-height: 9; --aspect-ratio-width: 16;"
>
  <bolt-video class="js-bolt-video-uuid--12345"
              data-setup="{&quot;techOrder&quot;: [&quot;Html5&quot;], &quot;resizeManager&quot;: false}"
              video-id="3861325118001"
              account-id="1900410236"
              show-meta
              player-id="r1CAdLzTW"
              controls
              share-description="Share This Video"
  >
  </bolt-video>
</bolt-ratio>

`;
